// Jest Snapshot v1, https://goo.gl/fbAQLP

exports[`generateLinkedList should generate linked list from values 2 1`] = `"{"value":1,"next":{"value":2,"next":{"value":3,"next":{"value":4,"next":{"value":null,"next":null}}}}}"`;
